Archive member included to satisfy reference by file (symbol)

c:/siliconlabs/simplicitystudio/v4/developer/toolchains/gnu_arm/7.2_2017q4/bin/../lib/gcc/arm-none-eabi/7.2.1/thumb/v7-m\libgcc.a(_aeabi_uldivmod.o)
                              ./emlib/em_usart.o (__aeabi_uldivmod)
c:/siliconlabs/simplicitystudio/v4/developer/toolchains/gnu_arm/7.2_2017q4/bin/../lib/gcc/arm-none-eabi/7.2.1/thumb/v7-m\libgcc.a(_udivmoddi4.o)
                              c:/siliconlabs/simplicitystudio/v4/developer/toolchains/gnu_arm/7.2_2017q4/bin/../lib/gcc/arm-none-eabi/7.2.1/thumb/v7-m\libgcc.a(_aeabi_uldivmod.o) (__udivmoddi4)
c:/siliconlabs/simplicitystudio/v4/developer/toolchains/gnu_arm/7.2_2017q4/bin/../lib/gcc/arm-none-eabi/7.2.1/thumb/v7-m\libgcc.a(_dvmd_tls.o)
                              c:/siliconlabs/simplicitystudio/v4/developer/toolchains/gnu_arm/7.2_2017q4/bin/../lib/gcc/arm-none-eabi/7.2.1/thumb/v7-m\libgcc.a(_aeabi_uldivmod.o) (__aeabi_ldiv0)
c:/siliconlabs/simplicitystudio/v4/developer/toolchains/gnu_arm/7.2_2017q4/bin/../lib/gcc/arm-none-eabi/7.2.1/../../../../arm-none-eabi/lib/thumb/v7-m\libc_nano.a(lib_a-abs.o)
                              ./drivers/segmentlcd.o (abs)
c:/siliconlabs/simplicitystudio/v4/developer/toolchains/gnu_arm/7.2_2017q4/bin/../lib/gcc/arm-none-eabi/7.2.1/../../../../arm-none-eabi/lib/thumb/v7-m\libc_nano.a(lib_a-exit.o)
                              c:/siliconlabs/simplicitystudio/v4/developer/toolchains/gnu_arm/7.2_2017q4/bin/../lib/gcc/arm-none-eabi/7.2.1/../../../../arm-none-eabi/lib/thumb/v7-m/crt0.o (exit)
c:/siliconlabs/simplicitystudio/v4/developer/toolchains/gnu_arm/7.2_2017q4/bin/../lib/gcc/arm-none-eabi/7.2.1/../../../../arm-none-eabi/lib/thumb/v7-m\libc_nano.a(lib_a-impure.o)
                              c:/siliconlabs/simplicitystudio/v4/developer/toolchains/gnu_arm/7.2_2017q4/bin/../lib/gcc/arm-none-eabi/7.2.1/../../../../arm-none-eabi/lib/thumb/v7-m\libc_nano.a(lib_a-exit.o) (_global_impure_ptr)
c:/siliconlabs/simplicitystudio/v4/developer/toolchains/gnu_arm/7.2_2017q4/bin/../lib/gcc/arm-none-eabi/7.2.1/../../../../arm-none-eabi/lib/thumb/v7-m\libc_nano.a(lib_a-init.o)
                              c:/siliconlabs/simplicitystudio/v4/developer/toolchains/gnu_arm/7.2_2017q4/bin/../lib/gcc/arm-none-eabi/7.2.1/../../../../arm-none-eabi/lib/thumb/v7-m/crt0.o (__libc_init_array)
c:/siliconlabs/simplicitystudio/v4/developer/toolchains/gnu_arm/7.2_2017q4/bin/../lib/gcc/arm-none-eabi/7.2.1/../../../../arm-none-eabi/lib/thumb/v7-m\libc_nano.a(lib_a-memset.o)
                              c:/siliconlabs/simplicitystudio/v4/developer/toolchains/gnu_arm/7.2_2017q4/bin/../lib/gcc/arm-none-eabi/7.2.1/../../../../arm-none-eabi/lib/thumb/v7-m/crt0.o (memset)
c:/siliconlabs/simplicitystudio/v4/developer/toolchains/gnu_arm/7.2_2017q4/bin/../lib/gcc/arm-none-eabi/7.2.1/../../../../arm-none-eabi/lib/thumb/v7-m\libc_nano.a(lib_a-rand.o)
                              ./src/snake.o (rand)
c:/siliconlabs/simplicitystudio/v4/developer/toolchains/gnu_arm/7.2_2017q4/bin/../lib/gcc/arm-none-eabi/7.2.1/../../../../arm-none-eabi/lib/thumb/v7-m\libc_nano.a(lib_a-strlen.o)
                              ./drivers/segmentlcd.o (strlen)
c:/siliconlabs/simplicitystudio/v4/developer/toolchains/gnu_arm/7.2_2017q4/bin/../lib/gcc/arm-none-eabi/7.2.1/../../../../arm-none-eabi/lib/thumb/v7-m\libc_nano.a(lib_a-malloc.o)
                              c:/siliconlabs/simplicitystudio/v4/developer/toolchains/gnu_arm/7.2_2017q4/bin/../lib/gcc/arm-none-eabi/7.2.1/../../../../arm-none-eabi/lib/thumb/v7-m\libc_nano.a(lib_a-rand.o) (malloc)
c:/siliconlabs/simplicitystudio/v4/developer/toolchains/gnu_arm/7.2_2017q4/bin/../lib/gcc/arm-none-eabi/7.2.1/../../../../arm-none-eabi/lib/thumb/v7-m\libc_nano.a(lib_a-nano-freer.o)
                              c:/siliconlabs/simplicitystudio/v4/developer/toolchains/gnu_arm/7.2_2017q4/bin/../lib/gcc/arm-none-eabi/7.2.1/../../../../arm-none-eabi/lib/thumb/v7-m\libc_nano.a(lib_a-malloc.o) (_free_r)
c:/siliconlabs/simplicitystudio/v4/developer/toolchains/gnu_arm/7.2_2017q4/bin/../lib/gcc/arm-none-eabi/7.2.1/../../../../arm-none-eabi/lib/thumb/v7-m\libc_nano.a(lib_a-nano-mallocr.o)
                              c:/siliconlabs/simplicitystudio/v4/developer/toolchains/gnu_arm/7.2_2017q4/bin/../lib/gcc/arm-none-eabi/7.2.1/../../../../arm-none-eabi/lib/thumb/v7-m\libc_nano.a(lib_a-malloc.o) (_malloc_r)
c:/siliconlabs/simplicitystudio/v4/developer/toolchains/gnu_arm/7.2_2017q4/bin/../lib/gcc/arm-none-eabi/7.2.1/../../../../arm-none-eabi/lib/thumb/v7-m\libc_nano.a(lib_a-sbrkr.o)
                              c:/siliconlabs/simplicitystudio/v4/developer/toolchains/gnu_arm/7.2_2017q4/bin/../lib/gcc/arm-none-eabi/7.2.1/../../../../arm-none-eabi/lib/thumb/v7-m\libc_nano.a(lib_a-nano-mallocr.o) (_sbrk_r)
[...]
Memory Configuration

Name             Origin             Length             Attributes
FLASH            0x00000000         0x00100000         xr
RAM              0x20000000         0x00020000         xrw
*default*        0x00000000         0xffffffff

Linker script and memory map

LOAD c:/siliconlabs/simplicitystudio/v4/developer/toolchains/gnu_arm/7.2_2017q4/bin/../lib/gcc/arm-none-eabi/7.2.1/thumb/v7-m/crti.o
LOAD c:/siliconlabs/simplicitystudio/v4/developer/toolchains/gnu_arm/7.2_2017q4/bin/../lib/gcc/arm-none-eabi/7.2.1/thumb/v7-m/crtbegin.o
LOAD c:/siliconlabs/simplicitystudio/v4/developer/toolchains/gnu_arm/7.2_2017q4/bin/../lib/gcc/arm-none-eabi/7.2.1/../../../../arm-none-eabi/lib/thumb/v7-m/crt0.o
LOAD ./CMSIS/EFM32GG/startup_efm32gg.o
LOAD ./CMSIS/EFM32GG/system_efm32gg.o
LOAD ./drivers/segmentlcd.o
LOAD ./emlib/em_cmu.o
LOAD ./emlib/em_gpio.o
LOAD ./emlib/em_lcd.o
LOAD ./emlib/em_system.o
LOAD ./emlib/em_timer.o
LOAD ./emlib/em_usart.o
LOAD ./src/main.o
LOAD ./src/segmentlcd_individual.o
LOAD ./src/snake.o
LOAD ./src/timer.o
LOAD ./src/uart.o
START GROUP
LOAD c:/siliconlabs/simplicitystudio/v4/developer/toolchains/gnu_arm/7.2_2017q4/bin/../lib/gcc/arm-none-eabi/7.2.1/thumb/v7-m\libgcc.a
LOAD c:/siliconlabs/simplicitystudio/v4/developer/toolchains/gnu_arm/7.2_2017q4/bin/../lib/gcc/arm-none-eabi/7.2.1/../../../../arm-none-eabi/lib/thumb/v7-m\libc_nano.a
LOAD c:/siliconlabs/simplicitystudio/v4/developer/toolchains/gnu_arm/7.2_2017q4/bin/../lib/gcc/arm-none-eabi/7.2.1/../../../../arm-none-eabi/lib/thumb/v7-m\libnosys.a
END GROUP
START GROUP
LOAD c:/siliconlabs/simplicitystudio/v4/developer/toolchains/gnu_arm/7.2_2017q4/bin/../lib/gcc/arm-none-eabi/7.2.1/thumb/v7-m\libgcc.a
LOAD c:/siliconlabs/simplicitystudio/v4/developer/toolchains/gnu_arm/7.2_2017q4/bin/../lib/gcc/arm-none-eabi/7.2.1/../../../../arm-none-eabi/lib/thumb/v7-m\libg_nano.a
LOAD c:/siliconlabs/simplicitystudio/v4/developer/toolchains/gnu_arm/7.2_2017q4/bin/../lib/gcc/arm-none-eabi/7.2.1/../../../../arm-none-eabi/lib/thumb/v7-m\libc_nano.a
END GROUP
START GROUP
LOAD c:/siliconlabs/simplicitystudio/v4/developer/toolchains/gnu_arm/7.2_2017q4/bin/../lib/gcc/arm-none-eabi/7.2.1/thumb/v7-m\libgcc.a
LOAD c:/siliconlabs/simplicitystudio/v4/developer/toolchains/gnu_arm/7.2_2017q4/bin/../lib/gcc/arm-none-eabi/7.2.1/../../../../arm-none-eabi/lib/thumb/v7-m\libc_nano.a
END GROUP
LOAD c:/siliconlabs/simplicitystudio/v4/developer/toolchains/gnu_arm/7.2_2017q4/bin/../lib/gcc/arm-none-eabi/7.2.1/thumb/v7-m/crtend.o
LOAD c:/siliconlabs/simplicitystudio/v4/developer/toolchains/gnu_arm/7.2_2017q4/bin/../lib/gcc/arm-none-eabi/7.2.1/thumb/v7-m/crtn.o

.text           0x00000000     0x3eb8
 *(.vectors)
 .vectors       0x00000000       0xdc ./CMSIS/EFM32GG/startup_efm32gg.o
                0x00000000                __Vectors
                0x000000dc                __Vectors_End = .
                0x000000dc                __Vectors_Size = (__Vectors_End - __Vectors)
                0x000000dc                __end__ = .
 *(.text*)
 .text          0x000000dc       0x40 c:/siliconlabs/simplicitystudio/v4/developer/toolchains/gnu_arm/7.2_2017q4/bin/../lib/gcc/arm-none-eabi/7.2.1/thumb/v7-m/crtbegin.o
 .text          0x0000011c       0x74 c:/siliconlabs/simplicitystudio/v4/developer/toolchains/gnu_arm/7.2_2017q4/bin/../lib/gcc/arm-none-eabi/7.2.1/../../../../arm-none-eabi/lib/thumb/v7-m/crt0.o
                0x0000011c                _start
                0x0000011c                _mainCRTStartup
 .text          0x00000190       0x30 ./CMSIS/EFM32GG/startup_efm32gg.o
                0x00000190                Reset_Handler
                0x000001bc                DebugMon_Handler
                0x000001bc                USART0_TX_IRQHandler
                0x000001bc                I2C0_IRQHandler
                0x000001bc                HardFault_Handler
                0x000001bc                LEUART1_IRQHandler
                0x000001bc                SysTick_Handler
                0x000001bc                USART1_RX_IRQHandler
                0x000001bc                PendSV_Handler
                0x000001bc                NMI_Handler
                0x000001bc                I2C1_IRQHandler
                0x000001bc                TIMER3_IRQHandler
                0x000001bc                USART1_TX_IRQHandler
                0x000001bc                MSC_IRQHandler
                0x000001bc                ADC0_IRQHandler
                0x000001bc                UsageFault_Handler
                0x000001bc                LEUART0_IRQHandler
                0x000001bc                GPIO_EVEN_IRQHandler
                0x000001bc                UART0_TX_IRQHandler
                0x000001bc                UART1_TX_IRQHandler
                0x000001bc                RTC_IRQHandler
                0x000001bc                TIMER2_IRQHandler
                0x000001bc                LCD_IRQHandler
                0x000001bc                PCNT2_IRQHandler
                0x000001bc                LETIMER0_IRQHandler
                0x000001bc                TIMER1_IRQHandler
                0x000001bc                USART2_RX_IRQHandler
                0x000001bc                Default_Handler
                0x000001bc                EMU_IRQHandler
                0x000001bc                PCNT0_IRQHandler
                0x000001bc                sl_app_properties
                0x000001bc                USB_IRQHandler
                0x000001bc                BURTC_IRQHandler
                0x000001bc                PCNT1_IRQHandler
                0x000001bc                ACMP0_IRQHandler
                0x000001bc                USART0_RX_IRQHandler
                0x000001bc                MemManage_Handler
                0x000001bc                SVC_Handler
                0x000001bc                DAC0_IRQHandler
                0x000001bc                UART1_RX_IRQHandler
                0x000001bc                CMU_IRQHandler
                0x000001bc                EBI_IRQHandler
                0x000001bc                LESENSE_IRQHandler
                0x000001bc                GPIO_ODD_IRQHandler
                0x000001bc                AES_IRQHandler
                0x000001bc                VCMP_IRQHandler
                0x000001bc                DMA_IRQHandler
                0x000001bc                BusFault_Handler
                0x000001bc                USART2_TX_IRQHandler
 .text.GetProdRev
                0x000001c0       0x18 ./CMSIS/EFM32GG/system_efm32gg.o
 .text.SystemCoreClockGet
                0x000001d8       0x34 ./CMSIS/EFM32GG/system_efm32gg.o
                0x000001d8                SystemCoreClockGet
 .text.SystemMaxCoreClockGet
                0x0000020c       0x14 ./CMSIS/EFM32GG/system_efm32gg.o
                0x0000020c                SystemMaxCoreClockGet
 .text.SystemHFClockGet
                0x00000220      0x100 ./CMSIS/EFM32GG/system_efm32gg.o
                0x00000220                SystemHFClockGet
 .text.SystemHFXOClockGet
                0x00000320       0x14 ./CMSIS/EFM32GG/system_efm32gg.o
                0x00000320                SystemHFXOClockGet
 .text.SystemInit
                0x00000334       0x1c ./CMSIS/EFM32GG/system_efm32gg.o
                0x00000334                SystemInit
 .text.SystemLFRCOClockGet
                0x00000350       0x10 ./CMSIS/EFM32GG/system_efm32gg.o
                0x00000350                SystemLFRCOClockGet
 .text.SystemULFRCOClockGet
                0x00000360       0x10 ./CMSIS/EFM32GG/system_efm32gg.o
                0x00000360                SystemULFRCOClockGet
 .text.SystemLFXOClockGet
                0x00000370       0x14 ./CMSIS/EFM32GG/system_efm32gg.o
                0x00000370                SystemLFXOClockGet
 .text.LCD_FreezeEnable
                0x00000384       0x2c ./drivers/segmentlcd.o
 .text.LCD_SyncBusyDelay
                0x000003b0       0x24 ./drivers/segmentlcd.o
 .text.LCD_IntDisable
                0x000003d4       0x24 ./drivers/segmentlcd.o
 .text.SegmentLCD_AllOff
                0x000003f8       0xac ./drivers/segmentlcd.o
                0x000003f8                SegmentLCD_AllOff
 .text.SegmentLCD_Init
                0x000004a4       0xb8 ./drivers/segmentlcd.o
                0x000004a4                SegmentLCD_Init
 .text.SegmentLCD_Number
                0x0000055c      0x128 ./drivers/segmentlcd.o
                0x0000055c                SegmentLCD_Number
 .text.SegmentLCD_NumberOff
                0x00000684       0x4e ./drivers/segmentlcd.o
                0x00000684                SegmentLCD_NumberOff
 *fill*         0x000006d2        0x2 
 .text.SegmentLCD_Symbol
                0x000006d4      0x118 ./drivers/segmentlcd.o
                0x000006d4                SegmentLCD_Symbol
 .text.BUS_RegBitWrite
                0x000007ec       0x2c ./emlib/em_cmu.o
 .text.BUS_RegBitRead
                0x00000818       0x28 ./emlib/em_cmu.o
 .text.SL_Log2ToDiv
                0x00000840       0x1a ./emlib/em_cmu.o
 .text.CMU_DivToLog2
                0x0000085a       0x30 ./emlib/em_cmu.o
 *fill*         0x0000088a        0x2 
 .text.SYSTEM_GetProdRev
                0x0000088c       0x18 ./emlib/em_cmu.o
 .text.SYSTEM_GetFamily
                0x000008a4       0x18 ./emlib/em_cmu.o
 .text.maxFreqHfle
                0x000008bc       0x7c ./emlib/em_cmu.o
 .text.setHfLeConfig
                0x00000938       0x64 ./emlib/em_cmu.o
 .text.getHfLeConfig
                0x0000099c       0x20 ./emlib/em_cmu.o
 .text.auxClkGet
                0x000009bc       0xb0 ./emlib/em_cmu.o
 .text.dbgClkGet
                0x00000a6c       0x40 ./emlib/em_cmu.o
 .text.flashWaitStateControl
                0x00000aac       0x98 ./emlib/em_cmu.o
 .text.flashWaitStateMax
                0x00000b44       0x44 ./emlib/em_cmu.o
 .text.CMU_UpdateWaitStates
                0x00000b88       0x40 ./emlib/em_cmu.o
                0x00000b88                CMU_UpdateWaitStates
 .text.lfClkGet
                0x00000bc8       0xec ./emlib/em_cmu.o
 .text.syncReg  0x00000cb4       0x34 ./emlib/em_cmu.o
 .text.usbCClkGet
                0x00000ce8       0x4c ./emlib/em_cmu.o
 .text.hfperClkSafePrescaler
                0x00000d34        0xc ./emlib/em_cmu.o
 .text.hfperClkOptimizedPrescaler
                0x00000d40        0xc ./emlib/em_cmu.o
 .text.CMU_ClockDivGet
                0x00000d4c      0x1a4 ./emlib/em_cmu.o
                0x00000d4c                CMU_ClockDivGet
 .text.CMU_ClockDivSet
                0x00000ef0      0x264 ./emlib/em_cmu.o
                0x00000ef0                CMU_ClockDivSet
 .text.CMU_ClockEnable
                0x00001154       0xc8 ./emlib/em_cmu.o
                0x00001154                CMU_ClockEnable
 .text.CMU_ClockFreqGet
                0x0000121c      0x200 ./emlib/em_cmu.o
                0x0000121c                CMU_ClockFreqGet
 .text.CMU_ClockSelectGet
                0x0000141c      0x15c ./emlib/em_cmu.o
                0x0000141c                CMU_ClockSelectGet
 .text.CMU_ClockSelectSet
                0x00001578      0x298 ./emlib/em_cmu.o
                0x00001578                CMU_ClockSelectSet
 .text.CMU_LCDClkFDIVSet
                0x00001810       0x3c ./emlib/em_cmu.o
                0x00001810                CMU_LCDClkFDIVSet
 .text.CMU_OscillatorEnable
                0x0000184c       0xbc ./emlib/em_cmu.o
                0x0000184c                CMU_OscillatorEnable
 .text.GPIO_PinOutClear
                0x00001908       0x58 ./emlib/em_gpio.o
 .text.GPIO_PinOutSet
                0x00001960       0x58 ./emlib/em_gpio.o
 .text.GPIO_PinModeSet
                0x000019b8      0x118 ./emlib/em_gpio.o
                0x000019b8                GPIO_PinModeSet
 .text.LCD_Enable
                0x00001ad0       0x38 ./emlib/em_lcd.o
 .text.BUS_RegBitWrite
                0x00001b08       0x2c ./emlib/em_lcd.o
 .text.LCD_Init
                0x00001b34       0x78 ./emlib/em_lcd.o
                0x00001b34                LCD_Init
 .text.LCD_VLCDSelect
                0x00001bac       0x44 ./emlib/em_lcd.o
                0x00001bac                LCD_VLCDSelect
 .text.LCD_SegmentRangeEnable
                0x00001bf0       0x40 ./emlib/em_lcd.o
                0x00001bf0                LCD_SegmentRangeEnable
 .text.LCD_SegmentSet
                0x00001c30      0x1c8 ./emlib/em_lcd.o
                0x00001c30                LCD_SegmentSet
 .text.LCD_SegmentSetLow
                0x00001df8      0x17c ./emlib/em_lcd.o
                0x00001df8                LCD_SegmentSetLow
 .text.LCD_SegmentSetHigh
                0x00001f74      0x17c ./emlib/em_lcd.o
                0x00001f74                LCD_SegmentSetHigh
 .text.LCD_VBoostSet
                0x000020f0       0x28 ./emlib/em_lcd.o
                0x000020f0                LCD_VBoostSet
 .text.SYSTEM_ChipRevisionGet
                0x00002118       0x78 ./emlib/em_system.o
                0x00002118                SYSTEM_ChipRevisionGet
 .text.TIMER_Valid
                0x00002190       0x50 ./emlib/em_timer.o
 .text.TIMER_Init
                0x000021e0       0xe8 ./emlib/em_timer.o
                0x000021e0                TIMER_Init
 .text.prsRxInput
                0x000022c8       0x24 ./emlib/em_usart.o
 .text.USART_BaudrateAsyncSet
                0x000022ec       0xb0 ./emlib/em_usart.o
                0x000022ec                USART_BaudrateAsyncSet
 .text.USART_InitAsync
                0x0000239c       0xc4 ./emlib/em_usart.o
                0x0000239c                USART_InitAsync
 .text.USART_Reset
                0x00002460       0xb0 ./emlib/em_usart.o
                0x00002460                USART_Reset
 .text.USART_Tx
                0x00002510       0x2a ./emlib/em_usart.o
                0x00002510                USART_Tx
 *fill*         0x0000253a        0x2 
 .text.SYSTEM_GetProdRev
                0x0000253c       0x18 ./src/main.o
 .text.CHIP_Init
                0x00002554       0x48 ./src/main.o
 .text.main     0x0000259c      0x264 ./src/main.o
                0x0000259c                main
 .text.LCD_FreezeEnable
                0x00002800       0x2c ./src/segmentlcd_individual.o
 .text.LCD_SyncBusyDelay
                0x0000282c       0x24 ./src/segmentlcd_individual.o
 .text.SegmentLCD_LowerSegments
                0x00002850       0xb0 ./src/segmentlcd_individual.o
                0x00002850                SegmentLCD_LowerSegments
 .text.SnakeInit
                0x00002900       0x84 ./src/snake.o
                0x00002900                SnakeInit
 .text.PlaceFood
                0x00002984       0x50 ./src/snake.o
                0x00002984                PlaceFood
 .text.NextDirUART
                0x000029d4      0x1b8 ./src/snake.o
                0x000029d4                NextDirUART
 .text.NextDirNoUART
                0x00002b8c       0xdc ./src/snake.o
                0x00002b8c                NextDirNoUART
 .text.MoveSnake
                0x00002c68      0x8fa ./src/snake.o
                0x00002c68                MoveSnake
 *fill*         0x00003562        0x2 
 .text.SnakeandFoodtoLCD
                0x00003564      0x1bc ./src/snake.o
                0x00003564                SnakeandFoodtoLCD
 .text.__NVIC_EnableIRQ
                0x00003720       0x38 ./src/timer.o
 .text.TIMER_MaxCount
                0x00003758       0x16 ./src/timer.o
 .text.TIMER_CounterSet
                0x0000376e       0x1e ./src/timer.o
 .text.TIMER_IntClear
                0x0000378c       0x1a ./src/timer.o
 .text.TIMER_IntEnable
                0x000037a6       0x20 ./src/timer.o
 .text.TIMER_TopSet
                0x000037c6       0x1e ./src/timer.o
 .text.TIMER0_IRQHandler
                0x000037e4       0x20 ./src/timer.o
                0x000037e4                TIMER0_IRQHandler
 .text.TimerInit
                0x00003804       0x94 ./src/timer.o
                0x00003804                TimerInit
 .text.__NVIC_EnableIRQ
                0x00003898       0x38 ./src/uart.o
 .text.__NVIC_ClearPendingIRQ
                0x000038d0       0x3c ./src/uart.o
 .text.USART_IntClear
                0x0000390c       0x1a ./src/uart.o
 .text.USART_IntEnable
                0x00003926       0x20 ./src/uart.o
 .text.USART_RxDataGet
                0x00003946       0x18 ./src/uart.o
 *fill*         0x0000395e        0x2 
 .text.UART0_RX_IRQHandler
                0x00003960       0x30 ./src/uart.o
                0x00003960                UART0_RX_IRQHandler
 .text.uartinit
                0x00003990       0xb0 ./src/uart.o
                0x00003990                uartinit
 .text.abs      0x00003a40        0x8 c:/siliconlabs/simplicitystudio/v4/developer/toolchains/gnu_arm/7.2_2017q4/bin/../lib/gcc/arm-none-eabi/7.2.1/../../../../arm-none-eabi/lib/thumb/v7-m\libc_nano.a(lib_a-abs.o)
                0x00003a40                abs
 .text.exit     0x00003a48       0x28 c:/siliconlabs/simplicitystudio/v4/developer/toolchains/gnu_arm/7.2_2017q4/bin/../lib/gcc/arm-none-eabi/7.2.1/../../../../arm-none-eabi/lib/thumb/v7-m\libc_nano.a(lib_a-exit.o)
                0x00003a48                exit
 .text.__libc_init_array
                0x00003a70       0x48 c:/siliconlabs/simplicitystudio/v4/developer/toolchains/gnu_arm/7.2_2017q4/bin/../lib/gcc/arm-none-eabi/7.2.1/../../../../arm-none-eabi/lib/thumb/v7-m\libc_nano.a(lib_a-init.o)
                0x00003a70                __libc_init_array
 .text.memset   0x00003ab8       0x10 c:/siliconlabs/simplicitystudio/v4/developer/toolchains/gnu_arm/7.2_2017q4/bin/../lib/gcc/arm-none-eabi/7.2.1/../../../../arm-none-eabi/lib/thumb/v7-m\libc_nano.a(lib_a-memset.o)
                0x00003ab8                memset
 .text.rand     0x00003ac8       0x68 c:/siliconlabs/simplicitystudio/v4/developer/toolchains/gnu_arm/7.2_2017q4/bin/../lib/gcc/arm-none-eabi/7.2.1/../../../../arm-none-eabi/lib/thumb/v7-m\libc_nano.a(lib_a-rand.o)
                0x00003ac8                rand
 .text.malloc   0x00003b30       0x10 c:/siliconlabs/simplicitystudio/v4/developer/toolchains/gnu_arm/7.2_2017q4/bin/../lib/gcc/arm-none-eabi/7.2.1/../../../../arm-none-eabi/lib/thumb/v7-m\libc_nano.a(lib_a-malloc.o)
                0x00003b30                malloc
 .text._malloc_r
                0x00003b40       0xb4 c:/siliconlabs/simplicitystudio/v4/developer/toolchains/gnu_arm/7.2_2017q4/bin/../lib/gcc/arm-none-eabi/7.2.1/../../../../arm-none-eabi/lib/thumb/v7-m\libc_nano.a(lib_a-nano-mallocr.o)
                0x00003b40                _malloc_r
 .text._sbrk_r  0x00003bf4       0x20 c:/siliconlabs/simplicitystudio/v4/developer/toolchains/gnu_arm/7.2_2017q4/bin/../lib/gcc/arm-none-eabi/7.2.1/../../../../arm-none-eabi/lib/thumb/v7-m\libc_nano.a(lib_a-sbrkr.o)
                0x00003bf4                _sbrk_r
 .text.__malloc_lock
                0x00003c14        0x2 c:/siliconlabs/simplicitystudio/v4/developer/toolchains/gnu_arm/7.2_2017q4/bin/../lib/gcc/arm-none-eabi/7.2.1/../../../../arm-none-eabi/lib/thumb/v7-m\libc_nano.a(lib_a-mlock.o)
                0x00003c14                __malloc_lock
 .text.__malloc_unlock
                0x00003c16        0x2 c:/siliconlabs/simplicitystudio/v4/developer/toolchains/gnu_arm/7.2_2017q4/bin/../lib/gcc/arm-none-eabi/7.2.1/../../../../arm-none-eabi/lib/thumb/v7-m\libc_nano.a(lib_a-mlock.o)
                0x00003c16                __malloc_unlock
 .text._sbrk    0x00003c18       0x1c c:/siliconlabs/simplicitystudio/v4/developer/toolchains/gnu_arm/7.2_2017q4/bin/../lib/gcc/arm-none-eabi/7.2.1/../../../../arm-none-eabi/lib/thumb/v7-m\libnosys.a(sbrk.o)
                0x00003c18                _sbrk
 .text._exit    0x00003c34        0x4 c:/siliconlabs/simplicitystudio/v4/developer/toolchains/gnu_arm/7.2_2017q4/bin/../lib/gcc/arm-none-eabi/7.2.1/../../../../arm-none-eabi/lib/thumb/v7-m\libnosys.a(_exit.o)
                0x00003c34                _exit
 *(.init)
 .init          0x00003c38        0x4 c:/siliconlabs/simplicitystudio/v4/developer/toolchains/gnu_arm/7.2_2017q4/bin/../lib/gcc/arm-none-eabi/7.2.1/thumb/v7-m/crti.o
                0x00003c38                _init
 .init          0x00003c3c        0x8 c:/siliconlabs/simplicitystudio/v4/developer/toolchains/gnu_arm/7.2_2017q4/bin/../lib/gcc/arm-none-eabi/7.2.1/thumb/v7-m/crtn.o
 *(.fini)
 .fini          0x00003c44        0x4 c:/siliconlabs/simplicitystudio/v4/developer/toolchains/gnu_arm/7.2_2017q4/bin/../lib/gcc/arm-none-eabi/7.2.1/thumb/v7-m/crti.o
                0x00003c44                _fini
 .fini          0x00003c48        0x8 c:/siliconlabs/simplicitystudio/v4/developer/toolchains/gnu_arm/7.2_2017q4/bin/../lib/gcc/arm-none-eabi/7.2.1/thumb/v7-m/crtn.o
 *crtbegin.o(.ctors)
 *crtbegin?.o(.ctors)
 *(EXCLUDE_FILE(*crtend.o *crtend?.o) .ctors)
 *(SORT_BY_NAME(.ctors.*))
 *(.ctors)
 *crtbegin.o(.dtors)
 *crtbegin?.o(.dtors)
 *(EXCLUDE_FILE(*crtend.o *crtend?.o) .dtors)
 *(SORT_BY_NAME(.dtors.*))
 *(.dtors)
 *(.rodata*)
 .rodata.EFM_Display
                0x00003c50      0x1fe ./drivers/segmentlcd.o
 *fill*         0x00003e4e        0x2 
 .rodata.Segment_Numbers
                0x00003e50       0x22 ./drivers/segmentlcd.o
 *fill*         0x00003e72        0x2 
 .rodata.lcdInit
                0x00003e74       0x14 ./drivers/segmentlcd.o
 .rodata        0x00003e88       0x10 ./src/snake.o
 .rodata        0x00003e98       0x18 ./src/uart.o
 .rodata._global_impure_ptr
                0x00003eb0        0x4 c:/siliconlabs/simplicitystudio/v4/developer/toolchains/gnu_arm/7.2_2017q4/bin/../lib/gcc/arm-none-eabi/7.2.1/../../../../arm-none-eabi/lib/thumb/v7-m\libc_nano.a(lib_a-impure.o)
                0x00003eb0                _global_impure_ptr
 *(.eh_frame*)
 .eh_frame      0x00003eb4        0x0 c:/siliconlabs/simplicitystudio/v4/developer/toolchains/gnu_arm/7.2_2017q4/bin/../lib/gcc/arm-none-eabi/7.2.1/thumb/v7-m/crtbegin.o
 .eh_frame      0x00003eb4        0x4 c:/siliconlabs/simplicitystudio/v4/developer/toolchains/gnu_arm/7.2_2017q4/bin/../lib/gcc/arm-none-eabi/7.2.1/thumb/v7-m/crtend.o

.glue_7         0x00003eb8        0x0
 .glue_7        0x00003eb8        0x0 linker stubs

.glue_7t        0x00003eb8        0x0
 .glue_7t       0x00003eb8        0x0 linker stubs

.vfp11_veneer   0x00003eb8        0x0
 .vfp11_veneer  0x00003eb8        0x0 linker stubs

.v4_bx          0x00003eb8        0x0
 .v4_bx         0x00003eb8        0x0 linker stubs

.iplt           0x00003eb8        0x0
 .iplt          0x00003eb8        0x0 c:/siliconlabs/simplicitystudio/v4/developer/toolchains/gnu_arm/7.2_2017q4/bin/../lib/gcc/arm-none-eabi/7.2.1/thumb/v7-m/crtbegin.o

.ARM.extab
 *(.ARM.extab* .gnu.linkonce.armextab.*)
                0x00003eb8                __exidx_start = .

.ARM.exidx      0x00003eb8        0x8
 *(.ARM.exidx* .gnu.linkonce.armexidx.*)
 .ARM.exidx     0x00003eb8        0x8 c:/siliconlabs/simplicitystudio/v4/developer/toolchains/gnu_arm/7.2_2017q4/bin/../lib/gcc/arm-none-eabi/7.2.1/../../../../arm-none-eabi/lib/thumb/v7-m/crt0.o
                0x00003ec0                __exidx_end = .
                0x00003ec0                __etext = .

.rel.dyn        0x00003ec0        0x0
 .rel.iplt      0x00003ec0        0x0 c:/siliconlabs/simplicitystudio/v4/developer/toolchains/gnu_arm/7.2_2017q4/bin/../lib/gcc/arm-none-eabi/7.2.1/thumb/v7-m/crtbegin.o

.data           0x20000000      0x13c load address 0x00003ec0
                0x20000000                __data_start__ = .
 *(vtable)
 *(.data*)
 .data.SystemHFXOClock
                0x20000000        0x4 ./CMSIS/EFM32GG/system_efm32gg.o
 .data.SystemLFXOClock
                0x20000004        0x4 ./CMSIS/EFM32GG/system_efm32gg.o
 .data.SystemCoreClock
                0x20000008        0x4 ./CMSIS/EFM32GG/system_efm32gg.o
                0x20000008                SystemCoreClock
 .data.Text     0x2000000c       0xc4 ./src/segmentlcd_individual.o
                0x2000000c                Text
 .data._impure_ptr
                0x200000d0        0x4 c:/siliconlabs/simplicitystudio/v4/developer/toolchains/gnu_arm/7.2_2017q4/bin/../lib/gcc/arm-none-eabi/7.2.1/../../../../arm-none-eabi/lib/thumb/v7-m\libc_nano.a(lib_a-impure.o)
                0x200000d0                _impure_ptr
 .data.impure_data
                0x200000d4       0x60 c:/siliconlabs/simplicitystudio/v4/developer/toolchains/gnu_arm/7.2_2017q4/bin/../lib/gcc/arm-none-eabi/7.2.1/../../../../arm-none-eabi/lib/thumb/v7-m\libc_nano.a(lib_a-impure.o)
                0x20000134                . = ALIGN (0x4)
                [!provide]                PROVIDE (__ram_func_section_start, .)
 *(.ram)
                [!provide]                PROVIDE (__ram_func_section_end, .)
                0x20000134                . = ALIGN (0x4)
                0x20000134                PROVIDE (__preinit_array_start, .)
 *(.preinit_array)
                0x20000134                PROVIDE (__preinit_array_end, .)
                0x20000134                . = ALIGN (0x4)
                0x20000134                PROVIDE (__init_array_start, .)
 *(SORT_BY_NAME(.init_array.*))
 *(.init_array)
 .init_array    0x20000134        0x4 c:/siliconlabs/simplicitystudio/v4/developer/toolchains/gnu_arm/7.2_2017q4/bin/../lib/gcc/arm-none-eabi/7.2.1/thumb/v7-m/crtbegin.o
                0x20000138                PROVIDE (__init_array_end, .)
                0x20000138                . = ALIGN (0x4)
                [!provide]                PROVIDE (__fini_array_start, .)
 *(SORT_BY_NAME(.fini_array.*))
 *(.fini_array)
 .fini_array    0x20000138        0x4 c:/siliconlabs/simplicitystudio/v4/developer/toolchains/gnu_arm/7.2_2017q4/bin/../lib/gcc/arm-none-eabi/7.2.1/thumb/v7-m/crtbegin.o
                [!provide]                PROVIDE (__fini_array_end, .)
 *(.jcr*)
                0x2000013c                . = ALIGN (0x4)
                0x2000013c                __data_end__ = .

.igot.plt       0x2000013c        0x0 load address 0x00003ffc
 .igot.plt      0x2000013c        0x0 c:/siliconlabs/simplicitystudio/v4/developer/toolchains/gnu_arm/7.2_2017q4/bin/../lib/gcc/arm-none-eabi/7.2.1/thumb/v7-m/crtbegin.o

.bss            0x2000013c       0x3c load address 0x00003ffc
                0x2000013c                . = ALIGN (0x4)
                0x2000013c                __bss_start__ = .
 *(.bss*)
 .bss           0x2000013c       0x1c c:/siliconlabs/simplicitystudio/v4/developer/toolchains/gnu_arm/7.2_2017q4/bin/../lib/gcc/arm-none-eabi/7.2.1/thumb/v7-m/crtbegin.o
 .bss.TIMERflag
                0x20000158        0x1 ./src/timer.o
                0x20000158                TIMERflag
 .bss.UARTflag  0x20000159        0x1 ./src/uart.o
                0x20000159                UARTflag
 *fill*         0x2000015a        0x2 
 .bss.__malloc_free_list
                0x2000015c        0x4 c:/siliconlabs/simplicitystudio/v4/developer/toolchains/gnu_arm/7.2_2017q4/bin/../lib/gcc/arm-none-eabi/7.2.1/../../../../arm-none-eabi/lib/thumb/v7-m\libc_nano.a(lib_a-nano-mallocr.o)
                0x2000015c                __malloc_free_list
 .bss.__malloc_sbrk_start
                0x20000160        0x4 c:/siliconlabs/simplicitystudio/v4/developer/toolchains/gnu_arm/7.2_2017q4/bin/../lib/gcc/arm-none-eabi/7.2.1/../../../../arm-none-eabi/lib/thumb/v7-m\libc_nano.a(lib_a-nano-mallocr.o)
                0x20000160                __malloc_sbrk_start
 .bss.heap_end.4102
                0x20000164        0x4 c:/siliconlabs/simplicitystudio/v4/developer/toolchains/gnu_arm/7.2_2017q4/bin/../lib/gcc/arm-none-eabi/7.2.1/../../../../arm-none-eabi/lib/thumb/v7-m\libnosys.a(sbrk.o)
 *(COMMON)
 COMMON         0x20000168        0x1 ./src/main.o
                0x20000168                UARThappened
 *fill*         0x20000169        0x3 
 COMMON         0x2000016c        0x4 ./src/timer.o
                0x2000016c                runTime
 COMMON         0x20000170        0x4 ./src/uart.o
                0x20000170                UARTvalue
 COMMON         0x20000174        0x4 c:/siliconlabs/simplicitystudio/v4/developer/toolchains/gnu_arm/7.2_2017q4/bin/../lib/gcc/arm-none-eabi/7.2.1/../../../../arm-none-eabi/lib/thumb/v7-m\libc_nano.a(lib_a-reent.o)
                0x20000174                errno
                0x20000178                . = ALIGN (0x4)
                0x20000178                __bss_end__ = .

.heap           0x20000178      0xc00
                0x20000178                __HeapBase = .
                0x20000178                __end__ = .
                0x20000178                end = __end__
                0x20000178                _end = __end__
 *(.heap*)
 .heap          0x20000178      0xc00 ./CMSIS/EFM32GG/startup_efm32gg.o
                0x20000d78                __HeapLimit = .

.stack_dummy    0x20000178      0x400
 *(.stack*)
 .stack         0x20000178      0x400 ./CMSIS/EFM32GG/startup_efm32gg.o
                0x20020000                __StackTop = (ORIGIN (RAM) + LENGTH (RAM))
                0x2001fc00                __StackLimit = (__StackTop - SIZEOF (.stack_dummy))
                0x20020000                PROVIDE (__stack, __StackTop)
                0x00000001                ASSERT ((__StackLimit >= __HeapLimit), region RAM overflowed with stack)
                0x00000001                ASSERT ((LENGTH (FLASH) >= (__etext + SIZEOF (.data))), FLASH memory overflowed !)
OUTPUT(Snake_homework.axf elf32-littlearm)

.ARM.attributes
                0x00000000       0x29
 .ARM.attributes
                0x00000000       0x1d c:/siliconlabs/simplicitystudio/v4/developer/toolchains/gnu_arm/7.2_2017q4/bin/../lib/gcc/arm-none-eabi/7.2.1/thumb/v7-m/crti.o
 .ARM.attributes
                0x0000001d       0x2d c:/siliconlabs/simplicitystudio/v4/developer/toolchains/gnu_arm/7.2_2017q4/bin/../lib/gcc/arm-none-eabi/7.2.1/thumb/v7-m/crtbegin.o
 .ARM.attributes
                0x0000004a       0x1b c:/siliconlabs/simplicitystudio/v4/developer/toolchains/gnu_arm/7.2_2017q4/bin/../lib/gcc/arm-none-eabi/7.2.1/../../../../arm-none-eabi/lib/thumb/v7-m/crt0.o
 .ARM.attributes
                0x00000065       0x1b ./CMSIS/EFM32GG/startup_efm32gg.o
 .ARM.attributes
                0x00000080       0x33 ./CMSIS/EFM32GG/system_efm32gg.o
 .ARM.attributes
                0x000000b3       0x33 ./drivers/segmentlcd.o
 .ARM.attributes
                0x000000e6       0x33 ./emlib/em_cmu.o
 .ARM.attributes
                0x00000119       0x33 ./emlib/em_gpio.o
 .ARM.attributes
                0x0000014c       0x33 ./emlib/em_lcd.o
 .ARM.attributes
                0x0000017f       0x33 ./emlib/em_system.o
 .ARM.attributes
                0x000001b2       0x33 ./emlib/em_timer.o
 .ARM.attributes
                0x000001e5       0x33 ./emlib/em_usart.o
 .ARM.attributes
                0x00000218       0x33 ./src/main.o
 .ARM.attributes
                0x0000024b       0x33 ./src/segmentlcd_individual.o
 .ARM.attributes
                0x0000027e       0x33 ./src/snake.o
 .ARM.attributes
                0x000002b1       0x33 ./src/timer.o
 .ARM.attributes
                0x000002e4       0x33 ./src/uart.o
 .ARM.attributes
                0x00000317       0x2d c:/siliconlabs/simplicitystudio/v4/developer/toolchains/gnu_arm/7.2_2017q4/bin/../lib/gcc/arm-none-eabi/7.2.1/../../../../arm-none-eabi/lib/thumb/v7-m\libc_nano.a(lib_a-abs.o)
 .ARM.attributes
                0x00000344       0x2d c:/siliconlabs/simplicitystudio/v4/developer/toolchains/gnu_arm/7.2_2017q4/bin/../lib/gcc/arm-none-eabi/7.2.1/../../../../arm-none-eabi/lib/thumb/v7-m\libc_nano.a(lib_a-exit.o)
 .ARM.attributes
                0x00000371       0x2d c:/siliconlabs/simplicitystudio/v4/developer/toolchains/gnu_arm/7.2_2017q4/bin/../lib/gcc/arm-none-eabi/7.2.1/../../../../arm-none-eabi/lib/thumb/v7-m\libc_nano.a(lib_a-impure.o)
 .ARM.attributes
                0x0000039e       0x2d c:/siliconlabs/simplicitystudio/v4/developer/toolchains/gnu_arm/7.2_2017q4/bin/../lib/gcc/arm-none-eabi/7.2.1/../../../../arm-none-eabi/lib/thumb/v7-m\libc_nano.a(lib_a-init.o)
 .ARM.attributes
                0x000003cb       0x2d c:/siliconlabs/simplicitystudio/v4/developer/toolchains/gnu_arm/7.2_2017q4/bin/../lib/gcc/arm-none-eabi/7.2.1/../../../../arm-none-eabi/lib/thumb/v7-m\libc_nano.a(lib_a-memset.o)
 .ARM.attributes
                0x000003f8       0x2d c:/siliconlabs/simplicitystudio/v4/developer/toolchains/gnu_arm/7.2_2017q4/bin/../lib/gcc/arm-none-eabi/7.2.1/../../../../arm-none-eabi/lib/thumb/v7-m\libc_nano.a(lib_a-rand.o)
 .ARM.attributes
                0x00000425       0x2d c:/siliconlabs/simplicitystudio/v4/developer/toolchains/gnu_arm/7.2_2017q4/bin/../lib/gcc/arm-none-eabi/7.2.1/../../../../arm-none-eabi/lib/thumb/v7-m\libc_nano.a(lib_a-malloc.o)
 .ARM.attributes
                0x00000452       0x2d c:/siliconlabs/simplicitystudio/v4/developer/toolchains/gnu_arm/7.2_2017q4/bin/../lib/gcc/arm-none-eabi/7.2.1/../../../../arm-none-eabi/lib/thumb/v7-m\libc_nano.a(lib_a-nano-mallocr.o)
 .ARM.attributes
                0x0000047f       0x2d c:/siliconlabs/simplicitystudio/v4/developer/toolchains/gnu_arm/7.2_2017q4/bin/../lib/gcc/arm-none-eabi/7.2.1/../../../../arm-none-eabi/lib/thumb/v7-m\libc_nano.a(lib_a-sbrkr.o)
 .ARM.attributes
                0x000004ac       0x2d c:/siliconlabs/simplicitystudio/v4/developer/toolchains/gnu_arm/7.2_2017q4/bin/../lib/gcc/arm-none-eabi/7.2.1/../../../../arm-none-eabi/lib/thumb/v7-m\libc_nano.a(lib_a-mlock.o)
 .ARM.attributes
                0x000004d9       0x2d c:/siliconlabs/simplicitystudio/v4/developer/toolchains/gnu_arm/7.2_2017q4/bin/../lib/gcc/arm-none-eabi/7.2.1/../../../../arm-none-eabi/lib/thumb/v7-m\libc_nano.a(lib_a-reent.o)
 .ARM.attributes
                0x00000506       0x2d c:/siliconlabs/simplicitystudio/v4/developer/toolchains/gnu_arm/7.2_2017q4/bin/../lib/gcc/arm-none-eabi/7.2.1/../../../../arm-none-eabi/lib/thumb/v7-m\libnosys.a(sbrk.o)
 .ARM.attributes
                0x00000533       0x2d c:/siliconlabs/simplicitystudio/v4/developer/toolchains/gnu_arm/7.2_2017q4/bin/../lib/gcc/arm-none-eabi/7.2.1/../../../../arm-none-eabi/lib/thumb/v7-m\libnosys.a(_exit.o)
 .ARM.attributes
                0x00000560       0x2d c:/siliconlabs/simplicitystudio/v4/developer/toolchains/gnu_arm/7.2_2017q4/bin/../lib/gcc/arm-none-eabi/7.2.1/thumb/v7-m/crtend.o
 .ARM.attributes
                0x0000058d       0x1d c:/siliconlabs/simplicitystudio/v4/developer/toolchains/gnu_arm/7.2_2017q4/bin/../lib/gcc/arm-none-eabi/7.2.1/thumb/v7-m/crtn.o

.comment        0x00000000       0x7e
 .comment       0x00000000       0x7e ./CMSIS/EFM32GG/system_efm32gg.o
                                 0x7f (size before relaxing)
 .comment       0x0000007e       0x7f ./drivers/segmentlcd.o
 .comment       0x0000007e       0x7f ./emlib/em_cmu.o
 .comment       0x0000007e       0x7f ./emlib/em_gpio.o
 .comment       0x0000007e       0x7f ./emlib/em_lcd.o
 .comment       0x0000007e       0x7f ./emlib/em_system.o
 .comment       0x0000007e       0x7f ./emlib/em_timer.o
 .comment       0x0000007e       0x7f ./emlib/em_usart.o
 .comment       0x0000007e       0x7f ./src/main.o
 .comment       0x0000007e       0x7f ./src/segmentlcd_individual.o
 .comment       0x0000007e       0x7f ./src/snake.o
 .comment       0x0000007e       0x7f ./src/timer.o
 .comment       0x0000007e       0x7f ./src/uart.o

.debug_line     0x00000000     0x8d8e
 .debug_line    0x00000000       0xd3 ./CMSIS/EFM32GG/startup_efm32gg.o
 .debug_line    0x000000d3      0x896 ./CMSIS/EFM32GG/system_efm32gg.o
 .debug_line    0x00000969      0xd6d ./drivers/segmentlcd.o
 .debug_line    0x000016d6     0x10fc ./emlib/em_cmu.o
 .debug_line    0x000027d2      0xa08 ./emlib/em_gpio.o
 .debug_line    0x000031da      0xa5c ./emlib/em_lcd.o
 .debug_line    0x00003c36      0x860 ./emlib/em_system.o
 .debug_line    0x00004496      0xab5 ./emlib/em_timer.o
 .debug_line    0x00004f4b      0xbcf ./emlib/em_usart.o
 .debug_line    0x00005b1a      0xafa ./src/main.o
 .debug_line    0x00006614      0x86f ./src/segmentlcd_individual.o
 .debug_line    0x00006e83      0xc9a ./src/snake.o
 .debug_line    0x00007b1d      0x9b8 ./src/timer.o
 .debug_line    0x000084d5      0x8b9 ./src/uart.o

.debug_info     0x00000000     0xa953
 .debug_info    0x00000000       0x26 ./CMSIS/EFM32GG/startup_efm32gg.o
 .debug_info    0x00000026      0x7a7 ./CMSIS/EFM32GG/system_efm32gg.o
 .debug_info    0x000007cd     0x1bfd ./drivers/segmentlcd.o
 .debug_info    0x000023ca     0x1624 ./emlib/em_cmu.o
 .debug_info    0x000039ee      0x6f4 ./emlib/em_gpio.o
 .debug_info    0x000040e2      0xb0e ./emlib/em_lcd.o
 .debug_info    0x00004bf0      0x2d6 ./emlib/em_system.o
 .debug_info    0x00004ec6      0x9e7 ./emlib/em_timer.o
 .debug_info    0x000058ad      0xf50 ./emlib/em_usart.o
 .debug_info    0x000067fd     0x1182 ./src/main.o
 .debug_info    0x0000797f      0x6ce ./src/segmentlcd_individual.o
 .debug_info    0x0000804d     0x1064 ./src/snake.o
 .debug_info    0x000090b1      0xbd2 ./src/timer.o
 .debug_info    0x00009c83      0xcd0 ./src/uart.o

.debug_abbrev   0x00000000     0x1cfe
 .debug_abbrev  0x00000000       0x14 ./CMSIS/EFM32GG/startup_efm32gg.o
 .debug_abbrev  0x00000014      0x1eb ./CMSIS/EFM32GG/system_efm32gg.o
 .debug_abbrev  0x000001ff      0x2ba ./drivers/segmentlcd.o
 .debug_abbrev  0x000004b9      0x307 ./emlib/em_cmu.o
 .debug_abbrev  0x000007c0      0x21d ./emlib/em_gpio.o
 .debug_abbrev  0x000009dd      0x24b ./emlib/em_lcd.o
 .debug_abbrev  0x00000c28      0x153 ./emlib/em_system.o
 .debug_abbrev  0x00000d7b      0x234 ./emlib/em_timer.o
 .debug_abbrev  0x00000faf      0x230 ./emlib/em_usart.o
 .debug_abbrev  0x000011df      0x244 ./src/main.o
 .debug_abbrev  0x00001423      0x18e ./src/segmentlcd_individual.o
 .debug_abbrev  0x000015b1      0x2aa ./src/snake.o
 .debug_abbrev  0x0000185b      0x24b ./src/timer.o
 .debug_abbrev  0x00001aa6      0x258 ./src/uart.o

.debug_aranges  0x00000000      0x6b0
 .debug_aranges
                0x00000000       0x20 ./CMSIS/EFM32GG/startup_efm32gg.o
 .debug_aranges
                0x00000020       0x70 ./CMSIS/EFM32GG/system_efm32gg.o
 .debug_aranges
                0x00000090       0xc8 ./drivers/segmentlcd.o
 .debug_aranges
                0x00000158      0x180 ./emlib/em_cmu.o
 .debug_aranges
                0x000002d8       0x78 ./emlib/em_gpio.o
 .debug_aranges
                0x00000350       0xa8 ./emlib/em_lcd.o
 .debug_aranges
                0x000003f8       0x28 ./emlib/em_system.o
 .debug_aranges
                0x00000420       0x60 ./emlib/em_timer.o
 .debug_aranges
                0x00000480       0xd0 ./emlib/em_usart.o
 .debug_aranges
                0x00000550       0x30 ./src/main.o
 .debug_aranges
                0x00000580       0x38 ./src/segmentlcd_individual.o
 .debug_aranges
                0x000005b8       0x48 ./src/snake.o
 .debug_aranges
                0x00000600       0x58 ./src/timer.o
 .debug_aranges
                0x00000658       0x58 ./src/uart.o

.debug_str      0x00000000    0xdfa85
 .debug_str     0x00000000       0xe9 ./CMSIS/EFM32GG/startup_efm32gg.o
 .debug_str     0x000000e9    0xd2877 ./CMSIS/EFM32GG/system_efm32gg.o
                              0xd2ef5 (size before relaxing)
 .debug_str     0x000d2960     0x8483 ./drivers/segmentlcd.o
                              0xdb1ba (size before relaxing)
 .debug_str     0x000dade3      0xf81 ./emlib/em_cmu.o
                              0xd6d21 (size before relaxing)
 .debug_str     0x000dbd64      0x49d ./emlib/em_gpio.o
                              0xd3719 (size before relaxing)
 .debug_str     0x000dc201      0x3ab ./emlib/em_lcd.o
                              0xd337f (size before relaxing)
 .debug_str     0x000dc5ac       0xfd ./emlib/em_system.o
                              0xd2fae (size before relaxing)
 .debug_str     0x000dc6a9      0xa94 ./emlib/em_timer.o
                              0xd364b (size before relaxing)
 .debug_str     0x000dd13d      0xde8 ./emlib/em_usart.o
                              0xd507c (size before relaxing)
 .debug_str     0x000ddf25      0x7e3 ./src/main.o
                              0xdb10a (size before relaxing)
 .debug_str     0x000de708      0xeaa ./src/segmentlcd_individual.o
                              0xd3c43 (size before relaxing)
 .debug_str     0x000df5b2       0x9c ./src/snake.o
                              0xd8b86 (size before relaxing)
 .debug_str     0x000df64e      0x3b7 ./src/timer.o
                              0xd5714 (size before relaxing)
 .debug_str     0x000dfa05       0x80 ./src/uart.o
                              0xd5064 (size before relaxing)

.debug_loc      0x00000000     0x37ba
 .debug_loc     0x00000000      0x31c ./CMSIS/EFM32GG/system_efm32gg.o
 .debug_loc     0x0000031c      0x66a ./drivers/segmentlcd.o
 .debug_loc     0x00000986      0xe4c ./emlib/em_cmu.o
 .debug_loc     0x000017d2      0x420 ./emlib/em_gpio.o
 .debug_loc     0x00001bf2      0x648 ./emlib/em_lcd.o
 .debug_loc     0x0000223a       0xb8 ./emlib/em_system.o
 .debug_loc     0x000022f2      0x2e8 ./emlib/em_timer.o
 .debug_loc     0x000025da      0x7da ./emlib/em_usart.o
 .debug_loc     0x00002db4       0xce ./src/main.o
 .debug_loc     0x00002e82      0x158 ./src/segmentlcd_individual.o
 .debug_loc     0x00002fda      0x2bc ./src/snake.o
 .debug_loc     0x00003296      0x28c ./src/timer.o
 .debug_loc     0x00003522      0x298 ./src/uart.o

.debug_ranges   0x00000000      0x5c0
 .debug_ranges  0x00000000       0x60 ./CMSIS/EFM32GG/system_efm32gg.o
 .debug_ranges  0x00000060       0xb8 ./drivers/segmentlcd.o
 .debug_ranges  0x00000118      0x170 ./emlib/em_cmu.o
 .debug_ranges  0x00000288       0x68 ./emlib/em_gpio.o
 .debug_ranges  0x000002f0       0x98 ./emlib/em_lcd.o
 .debug_ranges  0x00000388       0x18 ./emlib/em_system.o
 .debug_ranges  0x000003a0       0x50 ./emlib/em_timer.o
 .debug_ranges  0x000003f0       0xc0 ./emlib/em_usart.o
 .debug_ranges  0x000004b0       0x20 ./src/main.o
 .debug_ranges  0x000004d0       0x28 ./src/segmentlcd_individual.o
 .debug_ranges  0x000004f8       0x38 ./src/snake.o
 .debug_ranges  0x00000530       0x48 ./src/timer.o
 .debug_ranges  0x00000578       0x48 ./src/uart.o

.debug_macro    0x00000000    0x269df
 .debug_macro   0x00000000      0x28e ./CMSIS/EFM32GG/system_efm32gg.o
 .debug_macro   0x0000028e      0xa48 ./CMSIS/EFM32GG/system_efm32gg.o
 .debug_macro   0x00000cd6       0x22 ./CMSIS/EFM32GG/system_efm32gg.o
 .debug_macro   0x00000cf8       0x4f ./CMSIS/EFM32GG/system_efm32gg.o
 .debug_macro   0x00000d47       0x51 ./CMSIS/EFM32GG/system_efm32gg.o
 .debug_macro   0x00000d98       0xef ./CMSIS/EFM32GG/system_efm32gg.o
 .debug_macro   0x00000e87       0x6a ./CMSIS/EFM32GG/system_efm32gg.o
 .debug_macro   0x00000ef1      0x1df ./CMSIS/EFM32GG/system_efm32gg.o
 .debug_macro   0x000010d0      0x39b ./CMSIS/EFM32GG/system_efm32gg.o
 .debug_macro   0x0000146b       0x1c ./CMSIS/EFM32GG/system_efm32gg.o
 .debug_macro   0x00001487       0x22 ./CMSIS/EFM32GG/system_efm32gg.o
 .debug_macro   0x000014a9       0xc3 ./CMSIS/EFM32GG/system_efm32gg.o
 .debug_macro   0x0000156c      0xe18 ./CMSIS/EFM32GG/system_efm32gg.o
 .debug_macro   0x00002384       0xe2 ./CMSIS/EFM32GG/system_efm32gg.o
 .debug_macro   0x00002466     0x2869 ./CMSIS/EFM32GG/system_efm32gg.o
 .debug_macro   0x00004ccf      0x39e ./CMSIS/EFM32GG/system_efm32gg.o
 .debug_macro   0x0000506d     0x3f12 ./CMSIS/EFM32GG/system_efm32gg.o
 .debug_macro   0x00008f7f      0x9a4 ./CMSIS/EFM32GG/system_efm32gg.o
 .debug_macro   0x00009923      0x6eb ./CMSIS/EFM32GG/system_efm32gg.o
 .debug_macro   0x0000a00e      0x283 ./CMSIS/EFM32GG/system_efm32gg.o
 .debug_macro   0x0000a291     0x1e37 ./CMSIS/EFM32GG/system_efm32gg.o
 .debug_macro   0x0000c0c8     0x30cb ./CMSIS/EFM32GG/system_efm32gg.o
 .debug_macro   0x0000f193      0x37f ./CMSIS/EFM32GG/system_efm32gg.o
 .debug_macro   0x0000f512      0x855 ./CMSIS/EFM32GG/system_efm32gg.o
 .debug_macro   0x0000fd67     0x230f ./CMSIS/EFM32GG/system_efm32gg.o
 .debug_macro   0x00012076     0x1bf6 ./CMSIS/EFM32GG/system_efm32gg.o
 .debug_macro   0x00013c6c     0x1709 ./CMSIS/EFM32GG/system_efm32gg.o
 .debug_macro   0x00015375      0x6d8 ./CMSIS/EFM32GG/system_efm32gg.o
 .debug_macro   0x00015a4d     0x106a ./CMSIS/EFM32GG/system_efm32gg.o
 .debug_macro   0x00016ab7     0x1d83 ./CMSIS/EFM32GG/system_efm32gg.o
 .debug_macro   0x0001883a      0x33d ./CMSIS/EFM32GG/system_efm32gg.o
 .debug_macro   0x00018b77      0xa66 ./CMSIS/EFM32GG/system_efm32gg.o
 .debug_macro   0x000195dd      0xfe0 ./CMSIS/EFM32GG/system_efm32gg.o
 .debug_macro   0x0001a5bd      0x894 ./CMSIS/EFM32GG/system_efm32gg.o
 .debug_macro   0x0001ae51      0xf85 ./CMSIS/EFM32GG/system_efm32gg.o
 .debug_macro   0x0001bdd6     0x12a5 ./CMSIS/EFM32GG/system_efm32gg.o
 .debug_macro   0x0001d07b      0xc4a ./CMSIS/EFM32GG/system_efm32gg.o
 .debug_macro   0x0001dcc5      0x74d ./CMSIS/EFM32GG/system_efm32gg.o
 .debug_macro   0x0001e412      0x1c9 ./CMSIS/EFM32GG/system_efm32gg.o
 .debug_macro   0x0001e5db     0x1041 ./CMSIS/EFM32GG/system_efm32gg.o
 .debug_macro   0x0001f61c      0x280 ./CMSIS/EFM32GG/system_efm32gg.o
 .debug_macro   0x0001f89c       0x40 ./CMSIS/EFM32GG/system_efm32gg.o
 .debug_macro   0x0001f8dc      0x250 ./CMSIS/EFM32GG/system_efm32gg.o
 .debug_macro   0x0001fb2c      0x1f0 ./CMSIS/EFM32GG/system_efm32gg.o
 .debug_macro   0x0001fd1c      0x166 ./CMSIS/EFM32GG/system_efm32gg.o
 .debug_macro   0x0001fe82      0x252 ./CMSIS/EFM32GG/system_efm32gg.o
 .debug_macro   0x000200d4     0x1bd7 ./CMSIS/EFM32GG/system_efm32gg.o
 .debug_macro   0x00021cab       0x2e ./CMSIS/EFM32GG/system_efm32gg.o
 .debug_macro   0x00021cd9      0x427 ./CMSIS/EFM32GG/system_efm32gg.o
 .debug_macro   0x00022100      0x427 ./CMSIS/EFM32GG/system_efm32gg.o
 .debug_macro   0x00022527      0x432 ./drivers/segmentlcd.o
 .debug_macro   0x00022959       0x52 ./drivers/segmentlcd.o
 .debug_macro   0x000229ab       0x17 ./drivers/segmentlcd.o
 .debug_macro   0x000229c2       0x55 ./drivers/segmentlcd.o
 .debug_macro   0x00022a17       0x35 ./drivers/segmentlcd.o
 .debug_macro   0x00022a4c       0x9c ./drivers/segmentlcd.o
 .debug_macro   0x00022ae8       0x16 ./drivers/segmentlcd.o
 .debug_macro   0x00022afe       0x57 ./drivers/segmentlcd.o
 .debug_macro   0x00022b55       0x97 ./drivers/segmentlcd.o
 .debug_macro   0x00022bec      0x353 ./drivers/segmentlcd.o
 .debug_macro   0x00022f3f       0xf6 ./drivers/segmentlcd.o
 .debug_macro   0x00023035       0x10 ./drivers/segmentlcd.o
 .debug_macro   0x00023045       0x58 ./drivers/segmentlcd.o
 .debug_macro   0x0002309d       0x1f ./drivers/segmentlcd.o
 .debug_macro   0x000230bc       0x43 ./drivers/segmentlcd.o
 .debug_macro   0x000230ff       0x20 ./drivers/segmentlcd.o
 .debug_macro   0x0002311f      0x18e ./drivers/segmentlcd.o
 .debug_macro   0x000232ad       0x10 ./drivers/segmentlcd.o
 .debug_macro   0x000232bd       0xb6 ./drivers/segmentlcd.o
 .debug_macro   0x00023373       0x16 ./drivers/segmentlcd.o
 .debug_macro   0x00023389      0x129 ./drivers/segmentlcd.o
 .debug_macro   0x000234b2       0x16 ./drivers/segmentlcd.o
 .debug_macro   0x000234c8       0x35 ./drivers/segmentlcd.o
 .debug_macro   0x000234fd       0x16 ./drivers/segmentlcd.o
 .debug_macro   0x00023513       0x22 ./drivers/segmentlcd.o
 .debug_macro   0x00023535       0x22 ./drivers/segmentlcd.o
 .debug_macro   0x00023557       0xbd ./drivers/segmentlcd.o
 .debug_macro   0x00023614       0x10 ./drivers/segmentlcd.o
 .debug_macro   0x00023624       0xcc ./drivers/segmentlcd.o
 .debug_macro   0x000236f0       0x69 ./drivers/segmentlcd.o
 .debug_macro   0x00023759      0x33e ./drivers/segmentlcd.o
 .debug_macro   0x00023a97       0x1d ./drivers/segmentlcd.o
 .debug_macro   0x00023ab4      0x117 ./drivers/segmentlcd.o
 .debug_macro   0x00023bcb       0x22 ./drivers/segmentlcd.o
 .debug_macro   0x00023bed      0x367 ./emlib/em_cmu.o
 .debug_macro   0x00023f54      0x16d ./emlib/em_cmu.o
 .debug_macro   0x000240c1       0x58 ./emlib/em_cmu.o
 .debug_macro   0x00024119      0x34d ./emlib/em_cmu.o
 .debug_macro   0x00024466       0x25 ./emlib/em_cmu.o
 .debug_macro   0x0002448b       0xee ./emlib/em_cmu.o
 .debug_macro   0x00024579       0x1f ./emlib/em_cmu.o
 .debug_macro   0x00024598      0x2a7 ./emlib/em_gpio.o
 .debug_macro   0x0002483f       0xc6 ./emlib/em_gpio.o
 .debug_macro   0x00024905      0x29b ./emlib/em_lcd.o
 .debug_macro   0x00024ba0       0x17 ./emlib/em_lcd.o
 .debug_macro   0x00024bb7      0x295 ./emlib/em_system.o
 .debug_macro   0x00024e4c      0x295 ./emlib/em_timer.o
 .debug_macro   0x000250e1       0x79 ./emlib/em_timer.o
 .debug_macro   0x0002515a      0x2eb ./emlib/em_usart.o
 .debug_macro   0x00025445       0xeb ./emlib/em_usart.o
 .debug_macro   0x00025530      0x412 ./src/main.o
 .debug_macro   0x00025942       0xb2 ./src/main.o
 .debug_macro   0x000259f4       0x76 ./src/main.o
 .debug_macro   0x00025a6a       0xf1 ./src/main.o
 .debug_macro   0x00025b5b       0x3a ./src/main.o
 .debug_macro   0x00025b95       0x16 ./src/main.o
 .debug_macro   0x00025bab       0x16 ./src/main.o
 .debug_macro   0x00025bc1      0x10e ./src/main.o
 .debug_macro   0x00025ccf       0x86 ./src/main.o
 .debug_macro   0x00025d55       0x7f ./src/main.o
 .debug_macro   0x00025dd4      0x2a3 ./src/segmentlcd_individual.o
 .debug_macro   0x00026077       0x10 ./src/segmentlcd_individual.o
 .debug_macro   0x00026087      0x36e ./src/snake.o
 .debug_macro   0x000263f5      0x312 ./src/timer.o
 .debug_macro   0x00026707      0x2d8 ./src/uart.o

.debug_frame    0x00000000     0x1c38
 .debug_frame   0x00000000      0x180 ./CMSIS/EFM32GG/system_efm32gg.o
 .debug_frame   0x00000180      0x318 ./drivers/segmentlcd.o
 .debug_frame   0x00000498      0x690 ./emlib/em_cmu.o
 .debug_frame   0x00000b28      0x1e0 ./emlib/em_gpio.o
 .debug_frame   0x00000d08      0x2d0 ./emlib/em_lcd.o
 .debug_frame   0x00000fd8       0x60 ./emlib/em_system.o
 .debug_frame   0x00001038      0x15c ./emlib/em_timer.o
 .debug_frame   0x00001194      0x388 ./emlib/em_usart.o
 .debug_frame   0x0000151c       0x7c ./src/main.o
 .debug_frame   0x00001598       0xa8 ./src/segmentlcd_individual.o
 .debug_frame   0x00001640      0x150 ./src/snake.o
 .debug_frame   0x00001790      0x138 ./src/timer.o
 .debug_frame   0x000018c8      0x140 ./src/uart.o
 .debug_frame   0x00001a08       0x20 c:/siliconlabs/simplicitystudio/v4/developer/toolchains/gnu_arm/7.2_2017q4/bin/../lib/gcc/arm-none-eabi/7.2.1/../../../../arm-none-eabi/lib/thumb/v7-m\libc_nano.a(lib_a-abs.o)
 .debug_frame   0x00001a28       0x28 c:/siliconlabs/simplicitystudio/v4/developer/toolchains/gnu_arm/7.2_2017q4/bin/../lib/gcc/arm-none-eabi/7.2.1/../../../../arm-none-eabi/lib/thumb/v7-m\libc_nano.a(lib_a-exit.o)
 .debug_frame   0x00001a50       0x2c c:/siliconlabs/simplicitystudio/v4/developer/toolchains/gnu_arm/7.2_2017q4/bin/../lib/gcc/arm-none-eabi/7.2.1/../../../../arm-none-eabi/lib/thumb/v7-m\libc_nano.a(lib_a-init.o)
 .debug_frame   0x00001a7c       0x20 c:/siliconlabs/simplicitystudio/v4/developer/toolchains/gnu_arm/7.2_2017q4/bin/../lib/gcc/arm-none-eabi/7.2.1/../../../../arm-none-eabi/lib/thumb/v7-m\libc_nano.a(lib_a-memset.o)
 .debug_frame   0x00001a9c       0x48 c:/siliconlabs/simplicitystudio/v4/developer/toolchains/gnu_arm/7.2_2017q4/bin/../lib/gcc/arm-none-eabi/7.2.1/../../../../arm-none-eabi/lib/thumb/v7-m\libc_nano.a(lib_a-rand.o)
 .debug_frame   0x00001ae4       0x30 c:/siliconlabs/simplicitystudio/v4/developer/toolchains/gnu_arm/7.2_2017q4/bin/../lib/gcc/arm-none-eabi/7.2.1/../../../../arm-none-eabi/lib/thumb/v7-m\libc_nano.a(lib_a-malloc.o)
 .debug_frame   0x00001b14       0x2c c:/siliconlabs/simplicitystudio/v4/developer/toolchains/gnu_arm/7.2_2017q4/bin/../lib/gcc/arm-none-eabi/7.2.1/../../../../arm-none-eabi/lib/thumb/v7-m\libc_nano.a(lib_a-nano-mallocr.o)
 .debug_frame   0x00001b40       0x2c c:/siliconlabs/simplicitystudio/v4/developer/toolchains/gnu_arm/7.2_2017q4/bin/../lib/gcc/arm-none-eabi/7.2.1/../../../../arm-none-eabi/lib/thumb/v7-m\libc_nano.a(lib_a-sbrkr.o)
 .debug_frame   0x00001b6c       0x30 c:/siliconlabs/simplicitystudio/v4/developer/toolchains/gnu_arm/7.2_2017q4/bin/../lib/gcc/arm-none-eabi/7.2.1/../../../../arm-none-eabi/lib/thumb/v7-m\libc_nano.a(lib_a-mlock.o)
 .debug_frame   0x00001b9c       0x5c c:/siliconlabs/simplicitystudio/v4/developer/toolchains/gnu_arm/7.2_2017q4/bin/../lib/gcc/arm-none-eabi/7.2.1/../../../../arm-none-eabi/lib/thumb/v7-m\libc_nano.a(lib_a-reent.o)
 .debug_frame   0x00001bf8       0x20 c:/siliconlabs/simplicitystudio/v4/developer/toolchains/gnu_arm/7.2_2017q4/bin/../lib/gcc/arm-none-eabi/7.2.1/../../../../arm-none-eabi/lib/thumb/v7-m\libnosys.a(sbrk.o)
 .debug_frame   0x00001c18       0x20 c:/siliconlabs/simplicitystudio/v4/developer/toolchains/gnu_arm/7.2_2017q4/bin/../lib/gcc/arm-none-eabi/7.2.1/../../../../arm-none-eabi/lib/thumb/v7-m\libnosys.a(_exit.o)
